../Core/Src/main.c:145:6:Vrefint_init	40	static
../Core/Src/main.c:199:12:GetVref	16	static
../Core/Src/main.c:225:12:FADC_Get_VRMS	56	static
../Core/Src/main.c:280:12:CheckStatus	24	static
../Core/Src/main.c:301:6:CheckOVUVOCNV	48	static
../Core/Src/main.c:437:6:HAL_ADC_ConvCpltCallback	16	static
../Core/Src/main.c:448:6:HAL_ADC_ErrorCallback	16	static
../Core/Src/main.c:464:5:main	32	static
../Core/Src/main.c:577:6:SystemClock_Config	88	static
../Core/Src/main.c:623:13:MX_ADC1_Init	24	static
../Core/Src/main.c:699:13:MX_TIM1_Init	40	static
../Core/Src/main.c:744:13:MX_DMA_Init	16	static
../Core/Src/main.c:762:13:MX_GPIO_Init	48	static
../Core/Src/main.c:816:6:Error_Handler	8	static,ignoring_inline_asm
